 INFO  cargo_liner::cargo > Uninstalling "abc"...
    Removing [..]/.cargo/bin/abc
 INFO  cargo_liner        > Done.
