 ERROR cargo_liner > Configuration file already exists, use -f/--force to overwrite.
