...
Error: 
   0: Failed to parse Cargo's .crates.toml file.
   1: Failed to read Cargo's .crates.toml file.
   2: [NOT_FOUND]

Location:
   src/[..].rs:[..]

  ━━━━━━━━━━━━━━━━━━━━━━━━━━━━━━━━━━ BACKTRACE ━━━━━━━━━━━━━━━━━━━━━━━━━━━━━━━━━━━
[..]⋮ [..] frame[..] hidden ⋮[..]
   [..]: [..]
      at [..]
        [..] │[..]
        [..] │[..]
        [..] >[..]
        [..] │[..]
        [..] │[..]
[..]⋮ [..] frame[..] hidden ⋮[..]
   [..]: cargo_liner::[..]
      at [..]
        [..] │[..]
        [..] │[..]
        [..] >[..]
        [..] │[..]
        [..] │[..]
...

Note: This can happen for many reasons.
Suggestion: Check if the file exists and has the correct permissions.

Run with COLORBT_SHOW_HIDDEN=1 environment variable to disable frame filtering.
