 DEBUG cargo_liner[..]
 INFO  cargo_liner                      > Importing Cargo installed crates as a new configuration file...
...
]...
 DEBUG cargo_liner[..]
 DEBUG cargo_liner[..]
 DEBUG cargo_liner[..]
 TRACE cargo_liner[..]
...
 INFO  cargo_liner                            > Done.
