 WARN  cargo_liner > Configuration file will be overwritten.
 INFO  cargo_liner > Importing Cargo installed crates as a new configuration file...
 INFO  cargo_liner > Done.
