 WARN  cargo_liner > Configuration file will be overwritten.
