Error: 
   0: Configuration file already exists, use -f/--force to overwrite.

Location:
   src/[..].rs:[..]

Backtrace omitted. Run with RUST_BACKTRACE=1 environment variable to display it.
Run with RUST_BACKTRACE=full to include source snippets.
