 WARN  cargo_liner::commands::import > Configuration file will be overwritten.
 INFO  cargo_liner::commands::import > Importing Cargo installed crates as a new configuration file...
 INFO  cargo_liner                   > Done.
