Error: 
   0: No such file or directory (os error 2)

Location:
   src/config/user_config.rs:[..]

Backtrace omitted. Run with RUST_BACKTRACE=1 environment variable to display it.
Run with RUST_BACKTRACE=full to include source snippets.
