 INFO  cargo_liner::cargo > Fetching latest package versions...
 INFO  cargo_liner::commands::ship > Results:
┌──────┬─────────────┬─────────────┬────────┐
│ Name │ Old version │ New version │ Status │
├──────┼─────────────┼─────────────┼────────┤
│ abc  │ 0.0.0       │ ?           │ 🛈      │
└──────┴─────────────┴─────────────┴────────┘
 INFO  cargo_liner::cargo          > Updating `abc`...
error: `[..]/a` [..]. --path must point to a directory containing a Cargo.toml file.
...
