error: the following required arguments were not provided:
  --git <URL>

Usage: cargo install --git <URL> --version <VERSION> --rev <SHA> [CRATE[@<VER>]]...
...
