error: invalid url ``: relative URL without a base
...
