error: the following required arguments were not provided:
  --git <URL>

Usage: cargo install --git <URL> --version <VERSION> --tag <TAG> [CRATE[@<VER>]]...
...
