 INFO  cargo_liner::cargo > Fetching latest package versions...
...
 INFO  cargo_liner::commands::ship > Results:
┌─────────────┬─────────────┬─────────────┬────────┐
│ Name        │ Old version │ New version │ Status │
├─────────────┼─────────────┼─────────────┼────────┤
│ abc         │ 0.0.1       │ ø           │ ✔      │
│ cargo-liner │ 0.0.3       │ ø           │ ✔      │
│ def         │ 0.0.2       │ ø           │ ✔      │
└─────────────┴─────────────┴─────────────┴────────┘
 INFO  cargo_liner                 > Done.
