 INFO  cargo_liner::cargo > Installing `abc`...
    Updating `dummy-registry` index
error: could not find `abc` in registry `crates-io` with version `*`
Error: 
   0: Failed to install or update one of the configured packages.
   1: Failed to install "abc".
   2: Cargo process finished unsuccessfully: [EXIT_STATUS]: 101

Location:
   src/[..].rs:[..]

Note: This can happen for many reasons.
Suggestion: Read Cargo's output.
Suggestion: Use `ship --no-fail-fast` to ignore this and continue on with other packages.

Backtrace omitted. Run with RUST_BACKTRACE=1 environment variable to display it.
Run with RUST_BACKTRACE=full to include source snippets.
