 DEBUG cargo_liner[..]
...
 INFO  cargo_liner::cargo                     > Fetching latest package versions...
...
 INFO  cargo_liner                            > Results:
┌──────┬────────────┐
│ Name │ Status     │
├──────┼────────────┤
│ pkg  │ ø -> 0.0.0 │
└──────┴────────────┘
...
 INFO  cargo_liner::cargo                     > Installing `pkg`...
...
    Updating `dummy-registry` index
 Downloading crates ...
  Downloaded pkg v0.0.0 (registry `dummy-registry`)
  Installing pkg v0.0.0
    Updating `dummy-registry` index
   Compiling pkg v0.0.0
    Finished `release` profile [optimized] target(s) in [..]s
  Installing [..]/.cargo/bin/pkg
   Installed package `pkg v0.0.0` (executable `pkg`)
warning: be sure to add `[..]/.cargo/bin` to your PATH to be able to run the installed binaries
 INFO  cargo_liner                            > Done.
