 INFO  cargo_liner::cargo > Installing `abc`...
    Updating `dummy-registry` index
 Downloading crates ...
  Downloaded abc v0.0.0 (registry `dummy-registry`)
  Installing abc v0.0.0
    Updating `dummy-registry` index
   Compiling abc v0.0.0
    Finished `release` profile [optimized] target(s) in [ELAPSED]s
  Installing [ROOT]/home/.cargo/bin/abc
   Installed package `abc v0.0.0` (executable `abc`)
warning: be sure to add `[ROOT]/home/.cargo/bin` to your PATH to be able to run the installed binaries
 INFO  cargo_liner::cargo > Installing `def`...
    Updating `dummy-registry` index
 Downloading crates ...
  Downloaded def v0.0.0 (registry `dummy-registry`)
  Installing def v0.0.0
    Updating `dummy-registry` index
   Compiling def v0.0.0
    Finished `release` profile [optimized] target(s) in [ELAPSED]s
  Installing [ROOT]/home/.cargo/bin/def
   Installed package `def v0.0.0` (executable `def`)
warning: be sure to add `[ROOT]/home/.cargo/bin` to your PATH to be able to run the installed binaries
 INFO  cargo_liner::commands::ship > Installation report:
┌──────┬─────────────┬─────────────┬────────┐
│ Name │ Old version │ New version │ Status │
├──────┼─────────────┼─────────────┼────────┤
│ abc  │ ø           │ ?           │ +      │
│ def  │ ø           │ ?           │ +      │
└──────┴─────────────┴─────────────┴────────┘
 INFO  cargo_liner                 > Done.
