 INFO  cargo_liner::cargo > Fetching latest package versions...
...
 INFO  cargo_liner::commands::ship > Results:
┌─────────────┬─────────────┬─────────────┬────────┐
│ Name        │ Old version │ New version │ Status │
├─────────────┼─────────────┼─────────────┼────────┤
│ abc         │ ø           │ 0.0.1       │ 🛈      │
│ cargo-liner │ 0.0.3       │ ø           │ ✔      │
│ def         │ ø           │ 0.0.2       │ 🛈      │
└─────────────┴─────────────┴─────────────┴────────┘
 INFO  cargo_liner::cargo          > Installing `abc`...
    Updating `dummy-registry` index
 Downloading crates ...
  Downloaded abc v0.0.1 (registry `dummy-registry`)
  Installing abc v0.0.1
    Updating `dummy-registry` index
   Compiling abc v0.0.1
    Finished `release` profile [optimized] target(s) in [ELAPSED]s
  Installing [ROOT]/home/.cargo/bin/abc
   Installed package `abc v0.0.1` (executable `abc`)
warning: be sure to add `[ROOT]/home/.cargo/bin` to your PATH to be able to run the installed binaries
 INFO  cargo_liner::cargo          > Installing `def`...
    Updating `dummy-registry` index
 Downloading crates ...
  Downloaded def v0.0.2 (registry `dummy-registry`)
  Installing def v0.0.2
    Updating `dummy-registry` index
   Compiling def v0.0.2
    Finished `release` profile [optimized] target(s) in [ELAPSED]s
  Installing [ROOT]/home/.cargo/bin/def
   Installed package `def v0.0.2` (executable `def`)
warning: be sure to add `[ROOT]/home/.cargo/bin` to your PATH to be able to run the installed binaries
 INFO  cargo_liner::commands::ship > Installation report:
┌──────┬─────────────┬─────────────┬────────┐
│ Name │ Old version │ New version │ Status │
├──────┼─────────────┼─────────────┼────────┤
│ abc  │ ø           │ 0.0.1       │ +      │
│ def  │ ø           │ 0.0.2       │ +      │
└──────┴─────────────┴─────────────┴────────┘
 INFO  cargo_liner                 > Done.
