 INFO  cargo_liner::cargo > Installing `cargo-liner`...
    Updating `dummy-registry` index
 Downloading crates ...
  Downloaded cargo-liner v0.0.4 (registry `dummy-registry`)
  Installing cargo-liner v0.0.4
    Updating `dummy-registry` index
   Compiling cargo-liner v0.0.4
    Finished `release` profile [optimized] target(s) in [ELAPSED]s
   Replacing [ROOT]/home/.cargo/bin/cargo-liner[EXE]
    Replaced package `cargo-liner v0.0.3` with `cargo-liner v0.0.4` (executable `cargo-liner[EXE]`)
warning: be sure to add `[ROOT]/home/.cargo/bin` to your PATH to be able to run the installed binaries
 INFO  cargo_liner::commands::ship > Installation report:
┌─────────────┬─────────────┬─────────────┬────────┐
│ Name        │ Old version │ New version │ Status │
├─────────────┼─────────────┼─────────────┼────────┤
│ cargo-liner │ ø           │ ?           │ +      │
└─────────────┴─────────────┴─────────────┴────────┘
 INFO  cargo_liner                 > Done.
