 ERROR cargo_liner > No such file or directory (os error 2)
