 DEBUG cargo_liner[..]
 DEBUG cargo_liner[..]
 TRACE cargo_liner[..]
...
 INFO  cargo_liner::cargo                     > Fetching latest package versions...
...
 INFO  cargo_liner::commands::ship            > Results:
┌──────┬─────────────┬─────────────┬────────┐
│ Name │ Old version │ New version │ Status │
├──────┼─────────────┼─────────────┼────────┤
│ pkg  │ ø           │ 0.0.0       │ 🛈      │
└──────┴─────────────┴─────────────┴────────┘
...
 INFO  cargo_liner::cargo                     > Installing `pkg`...
...
    Updating `dummy-registry` index
 Downloading crates ...
  Downloaded pkg v0.0.0 (registry `dummy-registry`)
  Installing pkg v0.0.0
    Updating `dummy-registry` index
   Compiling pkg v0.0.0
     Running `[..]
    Finished `release` profile [optimized] target(s) in [ELAPSED]s
  Installing [ROOT]/home/.cargo/bin/pkg[EXE]
   Installed package `pkg v0.0.0` (executable `pkg[EXE]`)
warning: be sure to add `[ROOT]/home/.cargo/bin` to your PATH to be able to run the installed binaries
 INFO  cargo_liner::commands::ship            > Installation report:
┌──────┬─────────────┬─────────────┬────────┐
│ Name │ Old version │ New version │ Status │
├──────┼─────────────┼─────────────┼────────┤
│ pkg  │ ø           │ 0.0.0       │ +      │
└──────┴─────────────┴─────────────┴────────┘
 INFO  cargo_liner                            > Done.
