    Updating `dummy-registry` index
error: failed to query replaced source registry `crates-io`

Caused by:
  attempting to make an HTTP request, but --frozen was specified
...
