 INFO  cargo_liner::cargo > Installing `abc`...
 INFO  cargo_liner        > Done.
