 INFO  cargo_liner::cargo > Fetching latest package versions...
    Updating `dummy-registry` index
note: to learn more about a package, run `cargo info <name>`
 INFO  cargo_liner::commands::ship > Results:
┌──────┬─────────────┬─────────────┬────────┐
│ Name │ Old version │ New version │ Status │
├──────┼─────────────┼─────────────┼────────┤
│ abc  │ ø           │ 0.0.0       │ 🛈      │
└──────┴─────────────┴─────────────┴────────┘
 INFO  cargo_liner::cargo          > Installing `abc`...
    Updating `dummy-registry` index
 Downloading crates ...
  Downloaded abc v0.0.0 (registry `dummy-registry`)
  Installing abc v0.0.0
    Updating `dummy-registry` index
   Compiling abc v0.0.0
    Finished `release` profile [optimized] target(s) in [ELAPSED]s
  Installing [ROOT]/home/.cargo/bin/ex1[EXE]
  Installing [ROOT]/home/.cargo/bin/ex2[EXE]
   Installed package `abc v0.0.0` (executables `ex1[EXE]`, `ex2[EXE]`)
warning: be sure to add `[ROOT]/home/.cargo/bin` to your PATH to be able to run the installed binaries
 INFO  cargo_liner::commands::ship > Installation report:
┌──────┬─────────────┬─────────────┬────────┐
│ Name │ Old version │ New version │ Status │
├──────┼─────────────┼─────────────┼────────┤
│ abc  │ ø           │ 0.0.0       │ +      │
└──────┴─────────────┴─────────────┴────────┘
 INFO  cargo_liner                 > Done.
