 INFO  cargo_liner::cargo > Fetching latest package versions...
    Updating `dummy-registry` index
note: to learn more about a package, run `cargo info <name>`
 INFO  cargo_liner::commands::ship > Results:
┌─────────────┬─────────────┬─────────────┬────────┐
│ Name        │ Old version │ New version │ Status │
├─────────────┼─────────────┼─────────────┼────────┤
│ cargo-liner │ 0.0.3       │ 0.0.4       │ 🛈      │
└─────────────┴─────────────┴─────────────┴────────┘
 INFO  cargo_liner::cargo          > Updating `cargo-liner`...
    Updating `dummy-registry` index
 Downloading crates ...
  Downloaded cargo-liner v0.0.4 (registry `dummy-registry`)
  Installing cargo-liner v0.0.4
    Updating `dummy-registry` index
   Compiling cargo-liner v0.0.4
    Finished `release` profile [optimized] target(s) in [ELAPSED]s
   Replacing [ROOT]/home/.cargo/bin/cargo-liner[EXE]
    Replaced package `cargo-liner v0.0.3` with `cargo-liner v0.0.4` (executable `cargo-liner[EXE]`)
warning: be sure to add `[ROOT]/home/.cargo/bin` to your PATH to be able to run the installed binaries
 INFO  cargo_liner::commands::ship > Installation report:
┌─────────────┬─────────────┬─────────────┬────────┐
│ Name        │ Old version │ New version │ Status │
├─────────────┼─────────────┼─────────────┼────────┤
│ cargo-liner │ 0.0.3       │ 0.0.4       │ ✔      │
└─────────────┴─────────────┴─────────────┴────────┘
 INFO  cargo_liner                 > Done.
