 INFO  cargo_liner::cargo > Fetching latest package versions...
    Updating `dummy-registry` index
 INFO  cargo_liner        > Results:
┌───────┬────────────┐
│ Name  │ Status     │
├───────┼────────────┤
│ --pkg │ ø -> 0.0.0 │
└───────┴────────────┘
 INFO  cargo_liner::cargo > Installing `--pkg`...
    Updating `dummy-registry` index
 Downloading crates ...
  Downloaded --pkg v0.0.0 (registry `dummy-registry`)
error: invalid character `-` in package name: `--pkg`, the first character must be a Unicode XID start character (most letters or `_`)
 --> [..]/--pkg-0.0.0/Cargo.toml:[..]:[..]
  |
[..] |[..]name = "--pkg"
  |[..]^^^^^^^
  |
error: failed to download replaced source registry `crates-io`
Error: 
   0: Failed to install or update one of the configured packages.
   1: Failed to install "--pkg".
   2: Cargo process finished unsuccessfully: exit status: 101

Location:
   src/cargo.rs:[..]

Note: This can happen for many reasons.
Suggestion: Read Cargo's output.
Suggestion: Use `--keep-going` to ignore this and continue on with other packages.

Backtrace omitted. Run with RUST_BACKTRACE=1 environment variable to display it.
Run with RUST_BACKTRACE=full to include source snippets.
