 INFO  cargo_liner::cargo > Fetching latest package versions...
 INFO  cargo_liner::commands::ship > No package to install: none was configured and self was skipped.
 INFO  cargo_liner                 > Done.
